<?xml version="1.0" encoding="UTF-8" ?>
<!-- Generated by andromda-jsf cartridge (configuration\jboss-web.xml.vsl) DO NOT EDIT! -->

<jboss-web>
    <security-domain flushOnSessionInvalidation="true">java:/jaas/test-security-realm</security-domain>
</jboss-web>
