<?xml version="1.0" encoding="utf-8"?>
<ArrayOfTestObject xmlns:xsi="http://www.w3.org/2001/XMLSchema-instance" xmlns:xsd="http://www.w3.org/2001/XMLSchema">
  <TestObject>
    <Id>0</Id>
    <FirstName>0</FirstName>
    <LastName>100</LastName>
  </TestObject>
  <TestObject>
    <Id>0</Id>
    <FirstName>1</FirstName>
    <LastName>101</LastName>
  </TestObject>
  <TestObject>
    <Id>0</Id>
    <FirstName>2</FirstName>
    <LastName>102</LastName>
  </TestObject>
  <TestObject>
    <Id>0</Id>
    <FirstName>3</FirstName>
    <LastName>103</LastName>
  </TestObject>
  <TestObject>
    <Id>0</Id>
    <FirstName>4</FirstName>
    <LastName>104</LastName>
  </TestObject>
  <TestObject>
    <Id>0</Id>
    <FirstName>5</FirstName>
    <LastName>105</LastName>
  </TestObject>
  <TestObject>
    <Id>0</Id>
    <FirstName>6</FirstName>
    <LastName>106</LastName>
  </TestObject>
  <TestObject>
    <Id>0</Id>
    <FirstName>7</FirstName>
    <LastName>107</LastName>
  </TestObject>
  <TestObject>
    <Id>0</Id>
    <FirstName>8</FirstName>
    <LastName>108</LastName>
  </TestObject>
  <TestObject>
    <Id>0</Id>
    <FirstName>9</FirstName>
    <LastName>109</LastName>
  </TestObject>
</ArrayOfTestObject>