<?xml version="1.0" encoding="utf-8"?>
<TestObject xmlns:xsi="http://www.w3.org/2001/XMLSchema-instance" xmlns:xsd="http://www.w3.org/2001/XMLSchema">
  <Id>100</Id>
  <FirstName>a</FirstName>
  <LastName>b</LastName>
    <Child>
  <Id>0</Id>
  <FirstName>c</FirstName>
  <LastName>d</LastName>
  <Child xsi:type="TestDerivedObject">
    <Id>0</Id>
    <FirstName>e</FirstName>
    <LastName>g</LastName>
    <MiddleInitial>f</MiddleInitial>
  </Child>
</Child>
</TestObject>
