<?xml version="1.0"?>
<!DOCTYPE facelet-taglib PUBLIC
  "-//Sun Microsystems, Inc.//DTD Facelet Taglib 1.0//EN"
  "http://java.sun.com/dtd/web-facesconfig_1_0.dtd">

<facelet-taglib>
    <namespace>http://www.andromda.org/cartridges/jsf/crud</namespace>
    <function>
        <function-name>loadCrudTest</function-name>
        <function-class>org.andromda.cartridges.jsf.tests.crud.crud.CrudTestController</function-class>
        <function-signature>org.andromda.cartridges.jsf.tests.crud.crud.CrudTestValueObject load(java.lang.Long)</function-signature>
    </function>
</facelet-taglib>