<?xml version="1.0" encoding="UTF-8" ?>
<!-- Generated by andromda-jsf cartridge (configuration\validaton.xml.vsl) DO NOT EDIT! -->

<!DOCTYPE form-validation PUBLIC
    "-//Apache Software Foundation//DTD Commons Validator Rules Configuration 1.1//EN"
    "http://jakarta.apache.org/commons/dtds/validator_1_1.dtd">

<form-validation>

    <formset>
        <form name="tableLinkActivityShowTableDataAgainForm">
            <field property="second" depends="required">
                <arg position="0" key="second" />
            </field>
            <field property="third" depends="required">
                <arg position="0" key="third" />
            </field>
            <field property="fourth" depends="required">
                <arg position="0" key="fourth" />
            </field>
        </form>
        <form name="tableLinkActivityShowTableDataHyperlinkActionForm">
            <field property="first" depends="required">
                <arg position="0" key="first" />
            </field>
            <field property="unknownParameter" depends="required">
                <arg position="0" key="unknown.parameter" />
            </field>
        </form>
        <form name="tableLinkActivityShowTableDataBadActionForm">
            <field property="thisParameterNameDoesNotExistAsTableColumn" depends="required">
                <arg position="0" key="this.parameter.name.does.not.exist.as.table.column" />
            </field>
        </form>
        <form name="tableLinkActivityShowTableDataHyperlinkActionDuplicatingParameterForm">
            <field property="first" depends="required">
                <arg position="0" key="first" />
            </field>
        </form>
        <form name="tableLinkActivityShowTableDataHyperlinkNotSpecifyingColumnForm">
            <field property="third" depends="required">
                <arg position="0" key="third" />
            </field>
        </form>
        <form name="tableLinkActivityShowTableDataRealisticFormActionForm">
            <field property="two" depends="required">
                <arg position="0" key="two" />
            </field>
            <field property="second" depends="required">
                <arg position="0" key="second" />
            </field>
            <field property="formParam1" depends="required,integer">
                <arg position="0" key="form.param1" />
            </field>
            <field property="formParam2" depends="required">
                <arg position="0" key="form.param2" />
            </field>
            <field property="parameterWithDefaultValue" depends="required">
                <arg position="0" key="parameter.with.default.value" />
            </field>
        </form>
        <form name="tableLinkActivityShowTableDataImageLinkActionForm">
            <field property="second" depends="required">
                <arg position="0" key="second" />
            </field>
            <field property="fourth" depends="required">
                <arg position="0" key="fourth" />
            </field>
        </form>
        <form name="tableLinkActivityShowTableDataGlobalTableActionForm">
            <field property="first" depends="required">
                <arg position="0" key="first" />
            </field>
        </form>
        <form name="tableLinkActivityShowTableDataDuplicateGlobalTableActionForm">
            <field property="thisOneShouldbeNamedFirst" depends="required">
                <arg position="0" key="this.one.shouldbe.named.first" />
            </field>
        </form>
        <form name="tableLinkActivityShowTableDataAnotherDuplicateGlobalTableActionForm">
            <field property="first" depends="required,integer">
                <arg position="0" key="first" />
            </field>
        </form>
        <form name="validationActivityEnterDataValidateForm">
            <field property="minlengthTest" depends="required,minlength">
                <arg position="0" key="minlength.test" />
                <arg position="1" name="minlength" key="${var:minlength}" resource="false"/>
                <var>
                    <var-name>minlength</var-name>
                    <var-value><![CDATA[4]]></var-value>
                </var>
            </field>
            <field property="maxlengthTest" depends="required,maxlength">
                <arg position="0" key="maxlength.test" />
                <arg position="1" name="maxlength" key="${var:maxlength}" resource="false"/>
                <var>
                    <var-name>maxlength</var-name>
                    <var-value><![CDATA[8]]></var-value>
                </var>
            </field>
            <field property="patternTest" depends="required,mask">
                <arg position="0" key="pattern.test" />
                <var>
                    <var-name>mask</var-name>
                    <var-value><![CDATA[^[a-zA-Z]$]]></var-value>
                </var>
            </field>
            <field property="creditcardTest" depends="required,creditCard">
                <arg position="0" key="creditcard.test" />
            </field>
            <field property="emailTest" depends="required,email">
                <arg position="0" key="email.test" />
            </field>
            <field property="urlTest" depends="required,url">
                <arg position="0" key="url.test" />
            </field>
            <field property="intRangeTest" depends="required,integer,intRange">
                <arg position="0" key="int.range.test" />
                <arg position="1" name="intRange" key="${var:min}" resource="false"/>
                <arg position="2" name="intRange" key="${var:max}" resource="false"/>
                <var>
                    <var-name>min</var-name>
                    <var-value><![CDATA[5]]></var-value>
                </var>
                <var>
                    <var-name>max</var-name>
                    <var-value><![CDATA[10]]></var-value>
                </var>
            </field>
            <field property="floatRangeTest" depends="required,float,floatRange">
                <arg position="0" key="float.range.test" />
                <arg position="1" name="floatRange" key="${var:min}" resource="false"/>
                <arg position="2" name="floatRange" key="${var:max}" resource="false"/>
                <var>
                    <var-name>min</var-name>
                    <var-value><![CDATA[1.10]]></var-value>
                </var>
                <var>
                    <var-name>max</var-name>
                    <var-value><![CDATA[7.555]]></var-value>
                </var>
            </field>
            <field property="doubleRangeTest" depends="required,double,doubleRange">
                <arg position="0" key="double.range.test" />
                <arg position="1" name="doubleRange" key="${var:min}" resource="false"/>
                <arg position="2" name="doubleRange" key="${var:max}" resource="false"/>
                <var>
                    <var-name>min</var-name>
                    <var-value><![CDATA[321.123]]></var-value>
                </var>
                <var>
                    <var-name>max</var-name>
                    <var-value><![CDATA[987.78985]]></var-value>
                </var>
            </field>
            <field property="intWrapperRangeTest" depends="integer,intRange">
                <arg position="0" key="int.wrapper.range.test" />
                <arg position="1" name="intRange" key="${var:min}" resource="false"/>
                <arg position="2" name="intRange" key="${var:max}" resource="false"/>
                <var>
                    <var-name>min</var-name>
                    <var-value><![CDATA[1000]]></var-value>
                </var>
                <var>
                    <var-name>max</var-name>
                    <var-value><![CDATA[2000]]></var-value>
                </var>
            </field>
            <field property="floatWrapperRangeTest" depends="float,floatRange">
                <arg position="0" key="float.wrapper.range.test" />
                <arg position="1" name="floatRange" key="${var:min}" resource="false"/>
                <arg position="2" name="floatRange" key="${var:max}" resource="false"/>
                <var>
                    <var-name>min</var-name>
                    <var-value><![CDATA[23.333]]></var-value>
                </var>
                <var>
                    <var-name>max</var-name>
                    <var-value><![CDATA[33.32222]]></var-value>
                </var>
            </field>
            <field property="doubleWrapperRangeTest" depends="double,doubleRange">
                <arg position="0" key="double.wrapper.range.test" />
                <arg position="1" name="doubleRange" key="${var:min}" resource="false"/>
                <arg position="2" name="doubleRange" key="${var:max}" resource="false"/>
                <var>
                    <var-name>min</var-name>
                    <var-value><![CDATA[10001.111111]]></var-value>
                </var>
                <var>
                    <var-name>max</var-name>
                    <var-value><![CDATA[2343223.432234324]]></var-value>
                </var>
            </field>
            <field property="lenientDateTest" depends="required,date">
                <arg position="0" key="lenient.date.test" />
                <arg position="1" name="date" key="${var:datePattern}" resource="false"/>
                <var>
                    <var-name>datePattern</var-name>
                    <var-value><![CDATA[dd/MMM/yyyy]]></var-value>
                </var>
            </field>
            <field property="strictDateTest" depends="required,date">
                <arg position="0" key="strict.date.test" />
                <arg position="1" name="date" key="${var:datePatternStrict}" resource="false"/>
                <var>
                    <var-name>datePatternStrict</var-name>
                    <var-value><![CDATA[strict dd/MM/yyyy]]></var-value>
                </var>
            </field>
            <field property="requiredTest" depends="required">
                <arg position="0" key="required.test" />
            </field>
            <field property="hiddenNotValidated" depends="required,date">
                <arg position="0" key="hidden.not.validated" />
                <arg position="1" name="date" key="${var:datePattern}" resource="false"/>
                <var>
                    <var-name>datePattern</var-name>
                    <var-value><![CDATA[MM/dd/yyyy]]></var-value>
                </var>
            </field>
            <field property="minLengthOnPasswordTest" depends="required,minlength">
                <arg position="0" key="min.length.on.password.test" />
                <arg position="1" name="minlength" key="${var:minlength}" resource="false"/>
                <var>
                    <var-name>minlength</var-name>
                    <var-value><![CDATA[4]]></var-value>
                </var>
            </field>
        </form>
        <form name="widgetsActivityShowWidgetsSubmitForm">
            <field property="textFieldTest" depends="required">
                <arg position="0" key="text.field.test" />
            </field>
            <field property="passwordFieldTest" depends="required">
                <arg position="0" key="password.field.test" />
            </field>
            <field property="textAreaTest" depends="required">
                <arg position="0" key="text.area.test" />
            </field>
            <field property="checkboxTest" depends="required">
                <arg position="0" key="checkbox.test" />
            </field>
            <field property="radioButtonsTest" depends="required">
                <arg position="0" key="radio.buttons.test" />
            </field>
            <field property="radioButtonsTest2" depends="required">
                <arg position="0" key="radio.buttons.test2" />
            </field>
            <field property="radioButtonsTest3" depends="required">
                <arg position="0" key="radio.buttons.test3" />
            </field>
            <field property="selectTest" depends="required">
                <arg position="0" key="select.test" />
            </field>
            <field property="hiddenTest" depends="required">
                <arg position="0" key="hidden.test" />
            </field>
            <field property="textFieldTest2" depends="required">
                <arg position="0" key="text.field.test2" />
            </field>
        </form>
        <form name="hyperlinkactionsShowSomethingParamhrefForm">
            <field property="someParameter" depends="required">
                <arg position="0" key="some.parameter" />
            </field>
            <field property="parameterWithDefaultValue" depends="required">
                <arg position="0" key="parameter.with.default.value" />
            </field>
        </form>
        <form name="deferringOperationsState2Trigger2Form">
            <field property="testParam" depends="required">
                <arg position="0" key="test.param" />
            </field>
        </form>
        <form name="deferringOperationsState2Trigger2bForm">
            <field property="testParam" depends="required">
                <arg position="0" key="test.param" />
            </field>
            <field property="param2a" depends="required">
                <arg position="0" key="param2a" />
            </field>
            <field property="testParam2" depends="required,integer">
                <arg position="0" key="test.param2" />
            </field>
        </form>
        <form name="deferringOperationsState4Trigger4Form">
            <field property="testParam2" depends="required">
                <arg position="0" key="test.param2" />
            </field>
            <field property="param4" depends="required,integer">
                <arg position="0" key="param4" />
            </field>
        </form>
        <form name="deferringOperationsState4Form">
            <field property="decisionTestParam" depends="required,integer">
                <arg position="0" key="decision.test.param" />
            </field>
        </form>
        <form name="duplicateActionsUsecaseShowSomethingSubmitForm">
            <field property="testParam" depends="required">
                <arg position="0" key="test.param" />
            </field>
        </form>
        <form name="formFieldsOneSubmitForm">
            <field property="date" depends="required,date">
                <arg position="0" key="date" />
                <arg position="1" name="date" key="${var:datePattern}" resource="false"/>
                <var>
                    <var-name>datePattern</var-name>
                    <var-value><![CDATA[MM/dd/yyyy]]></var-value>
                </var>
            </field>
            <field property="time" depends="required,time">
                <arg position="0" key="time" />
                <arg position="1" name="time" key="${var:timePattern}" resource="false"/>
                <var>
                    <var-name>timePattern</var-name>
                    <var-value><![CDATA[HH:mm]]></var-value>
                </var>
            </field>
            <field property="text" depends="required">
                <arg position="0" key="text" />
            </field>
            <field property="number" depends="required,integer,validwhen">
                <arg position="0" key="number" />
                <msg name="validwhen" key="number_validwhen" />
                <var>
                    <var-name>test</var-name>
                    <var-value><![CDATA[(text == null)]]></var-value>
                </var>
            </field>
            <field property="collections" depends="required">
                <arg position="0" key="collections" />
            </field>
            <field property="selectable" depends="required">
                <arg position="0" key="selectable" />
            </field>
            <field property="bool" depends="required">
                <arg position="0" key="bool" />
            </field>
            <field property="multiSelects" depends="required">
                <arg position="0" key="multi.selects" />
            </field>
            <field property="title" depends="required,validwhen">
                <arg position="0" key="title" />
                <msg name="validwhen" key="title_validwhen" />
                <var>
                    <var-name>test</var-name>
                    <var-value><![CDATA[(text > 0)]]></var-value>
                </var>
            </field>
            <field property="file" depends="required">
                <arg position="0" key="file" />
            </field>
            <field property="multiFormat" depends="required,minlength,maxlength">
                <arg position="0" key="multi.format" />
                <arg position="1" name="minlength" key="${var:minlength}" resource="false"/>
                <arg position="1" name="maxlength" key="${var:maxlength}" resource="false"/>
                <var>
                    <var-name>minlength</var-name>
                    <var-value><![CDATA[3]]></var-value>
                </var>
                <var>
                    <var-name>maxlength</var-name>
                    <var-value><![CDATA[8]]></var-value>
                </var>
            </field>
            <field property="dateWithTime" depends="required,date">
                <arg position="0" key="date.with.time" />
                <arg position="1" name="date" key="${var:datePattern}" resource="false"/>
                <var>
                    <var-name>datePattern</var-name>
                    <var-value><![CDATA[dddd/MM/yyyy HH:mm:ss]]></var-value>
                </var>
            </field>
            <field property="dateWithoutCalendar" depends="required,date">
                <arg position="0" key="date.without.calendar" />
                <arg position="1" name="date" key="${var:datePattern}" resource="false"/>
                <var>
                    <var-name>datePattern</var-name>
                    <var-value><![CDATA[MM/dd/yyyy]]></var-value>
                </var>
            </field>
            <field property="hasCustomValidator" depends="required,myFirstValidator,mySecondValidator,myThirdValidator">
                <arg position="0" key="has.custom.validator" />
                <arg position="1" name="mySecondValidator" key="myArg" resource="false"/>
                <arg position="1" name="myThirdValidator" key="myArg" resource="false"/>
                <arg position="2" name="myThirdValidator" key="myOtherArg" resource="false"/>
                <var>
                    <var-name>myVar</var-name>
                    <var-value><![CDATA[myArg]]></var-value>
                </var>
                <var>
                    <var-name>myOtherVar</var-name>
                    <var-value><![CDATA[myOtherArg]]></var-value>
                </var>
            </field>
            <field property="integerClass" depends="integer">
                <arg position="0" key="integer.class" />
            </field>
            <field property="setClasses" depends="required">
                <arg position="0" key="set.classes" />
            </field>
            <field property="mapClass" depends="required">
                <arg position="0" key="map.class" />
            </field>
            <field property="floatClass" depends="float">
                <arg position="0" key="float.class" />
            </field>
            <field property="hiddenWithDefaultValue" depends="required">
                <arg position="0" key="hidden.with.default.value" />
            </field>
            <field property="bAdName" depends="required">
                <arg position="0" key="b.ad.name" />
            </field>
            <field property="complexParameterSubValueObjectAttributeOne" depends="required">
                <arg position="0" key="sub.value.object.attribute.one" />
            </field>
            <field property="complexParameterRootAttributeOne" depends="required">
                <arg position="0" key="root.attribute.one" />
            </field>
        </form>
        <form name="interUseCaseSourceSourceSubmitForm">
            <field property="sourceParam1" depends="required,integer">
                <arg position="0" key="source.param1" />
            </field>
            <field property="sourceParam2" depends="required">
                <arg position="0" key="source.param2" />
            </field>
        </form>
        <form name="resetResetPageSendWithResetForm">
            <field property="firstParam" depends="required">
                <arg position="0" key="first.param" />
            </field>
        </form>
        <form name="interActionStatePage1SubmitForm">
            <field property="param" depends="required">
                <arg position="0" key="param" />
            </field>
        </form>
        <form name="formScopeAPageSubmitForm">
            <field property="eventParam" depends="required">
                <arg position="0" key="event.param" />
            </field>
        </form>
<!-- crud forms -->
        <form name="manageCrudTestForm_edit">
            <field property="intRequiredAttribute" depends="required,integer">
                <arg position="0" key="crud.test.int.required.attribute" />
            </field>
            <field property="id" depends="long">
                <arg position="0" key="crud.test.id" />
            </field>
        </form>
    </formset>

</form-validation>
